ASxxxx Linker V03.00 + NoICE + sdld,  page 1.
Hexadecimal  [32-Bits]

Area                                    Addr        Size        Decimal Bytes (Attributes)
--------------------------------        ----        ----        ------- ----- ------------
.  .ABS.                            00000000    00000000 =           0. bytes (ABS,CON)

      Value  Global                              Global Defined In Module
      -----  --------------------------------   ------------------------
     00000000  .__.ABS.                           
     00000000  _rRAMG                             
     00000000  l__BASE                         
     00000000  l__BSS                          
     00000000  l__CABS                         
     00000000  l__CODE_0                       
     00000000  l__CRASH_HEADER                 
     00000000  l__CRASH_SCRATCH                
     00000000  l__DABS                         
     00000000  l__EHL_TRAMPOLINE               
     00000000  l__HEADER                       
     00000000  l__HEADER_LCD                   
     00000000  l__HEADER_SIO                   
     00000000  l__HEADER_TIMER                 
     00000000  l__HEAP                         
     00000000  l__HRAM                         
     00000000  l__LIT                          
     00000000  s__CABS                         
     00000000  s__CRASH_HEADER                 
     00000000  s__CRASH_HEADER0                
     00000000  s__CRASH_HEADER1                
     00000000  s__CRASH_SCRATCH                
     00000000  s__CRASH_SCRATCH2               
     00000000  s__DABS                         
     00000000  s__EHL_TRAMPOLINE               
     00000000  s__EHL_TRAMPOLINE0              
     00000000  s__HEADER                       
     00000000  s__HEADER0                      
     00000000  s__HEADER1                      
     00000000  s__HEADER10                     
     00000000  s__HEADER11                     
     00000000  s__HEADER2                      
     00000000  s__HEADER3                      
     00000000  s__HEADER4                      
     00000000  s__HEADER5                      
     00000000  s__HEADER6                      
     00000000  s__HEADER7                      
     00000000  s__HEADER8                      
     00000000  s__HEADER9                      
     00000000  s__HEADER_LCD                   
     00000000  s__HEADER_LCD0                  
     00000000  s__HEADER_SIO                   
     00000000  s__HEADER_SIO0                  
     00000000  s__HEADER_TIMER                 
     00000000  s__HEADER_TIMER0                
     00000000  s__HEADERa                      
     00000000  s__HEADERb                      
     00000000  s__HEADERc                      
     00000000  s__HEADERd                      
     00000000  s__HEADERe                      
ASxxxx Linker V03.00 + NoICE + sdld,  page 2.
Hexadecimal  [32-Bits]

Area                                    Addr        Size        Decimal Bytes (Attributes)
--------------------------------        ----        ----        ------- ----- ------------
.  .ABS.                            00000000    00000000 =           0. bytes (ABS,CON)

      Value  Global                              Global Defined In Module
      -----  --------------------------------   ------------------------
     00000000  s__HEADERf                      
     00000000  s__HRAM                         
     00000000  s__HRAM12                       
     00000001  ___bank_VM_SGB                     vm_sgb
     00000001  ___bank_bg_title_screen_tileset    bg_title_screen_tileset
     00000001  ___bank_bg_toadhallpressshield_g   bg_toadhallpressshield_gbsi_
     00000001  b_topdown_init                     topdown
     00000001  b_topdown_update                   topdown
     00000001  b_ui_draw_frame                    ui
     00000001  b_ui_draw_text_buffer_char         ui
     00000001  b_ui_init                          ui
     00000001  b_ui_load_tiles                    ui
     00000001  b_ui_run_menu                      ui
     00000001  b_ui_run_modal                     ui
     00000001  b_ui_set_start_tile                ui
     00000001  l__GSFINAL                      
     00000001  l__HEADER0                      
     00000001  l__HEADER11                     
     00000001  l__HEADER9                      
     00000001  l__HEADERa                      
     00000001  l__HEADERb                      
     00000001  l__HEADERd                      
     00000001  l__HEADERe                      
     00000002  ___bank_ACTOR                      actor
     00000002  ___bank_VM_ACTOR                   vm_actor
     00000002  ___bank_scene_1_init               scene_1_init
     00000002  ___bank_sound_gbfx2_sav_00         sound_gbfx2_sav
     00000002  ___bank_sound_gbfx2_sav_01         sound_gbfx2_sav
     00000002  ___bank_sound_gbfx2_sav_02         sound_gbfx2_sav
     00000002  ___bank_sound_gbfx2_sav_03         sound_gbfx2_sav
     00000002  ___bank_sound_gbfx2_sav_04         sound_gbfx2_sav
     00000002  ___bank_sound_gbfx2_sav_05         sound_gbfx2_sav
     00000002  ___bank_sound_gbfx2_sav_06         sound_gbfx2_sav
     00000002  ___bank_sound_gbfx2_sav_07         sound_gbfx2_sav
     00000002  ___bank_sound_gbfx2_sav_08         sound_gbfx2_sav
     00000002  ___bank_sound_gbfx2_sav_09         sound_gbfx2_sav
     00000002  ___bank_sound_gbfx2_sav_10         sound_gbfx2_sav
     00000002  ___bank_sound_gbfx2_sav_11         sound_gbfx2_sav
     00000002  ___bank_sound_gbfx2_sav_12         sound_gbfx2_sav
     00000002  ___bank_sound_gbfx2_sav_13         sound_gbfx2_sav
     00000002  ___bank_sound_gbfx2_sav_14         sound_gbfx2_sav
     00000002  ___bank_sound_gbfx2_sav_15         sound_gbfx2_sav
     00000002  ___bank_sound_gbfx2_sav_16         sound_gbfx2_sav
     00000002  ___bank_sound_gbfx2_sav_17         sound_gbfx2_sav
     00000002  ___bank_sound_gbfx2_sav_18         sound_gbfx2_sav
     00000002  ___bank_sound_gbfx2_sav_19         sound_gbfx2_sav
     00000002  ___bank_sound_gbfx2_sav_20         sound_gbfx2_sav
     00000002  ___bank_sound_gbfx2_sav_21         sound_gbfx2_sav
     00000002  ___bank_sound_gbfx2_sav_22         sound_gbfx2_sav
     00000002  ___bank_sound_gbfx2_sav_23         sound_gbfx2_sav
     00000002  ___bank_sound_gbfx2_sav_24         sound_gbfx2_sav
ASxxxx Linker V03.00 + NoICE + sdld,  page 3.
Hexadecimal  [32-Bits]

Area                                    Addr        Size        Decimal Bytes (Attributes)
--------------------------------        ----        ----        ------- ----- ------------
.  .ABS.                            00000000    00000000 =           0. bytes (ABS,CON)

      Value  Global                              Global Defined In Module
      -----  --------------------------------   ------------------------
     00000002  ___bank_sound_gbfx2_sav_25         sound_gbfx2_sav
     00000002  ___bank_sound_gbfx2_sav_26         sound_gbfx2_sav
     00000002  ___bank_sound_gbfx2_sav_27         sound_gbfx2_sav
     00000002  ___bank_sound_gbfx2_sav_28         sound_gbfx2_sav
     00000002  ___bank_sound_gbfx2_sav_29         sound_gbfx2_sav
     00000002  ___bank_sound_gbfx2_sav_30         sound_gbfx2_sav
     00000002  ___bank_sound_gbfx2_sav_31         sound_gbfx2_sav
     00000002  ___bank_sound_gbfx2_sav_32         sound_gbfx2_sav
     00000002  ___bank_sound_gbfx2_sav_33         sound_gbfx2_sav
     00000002  ___bank_sound_gbfx2_sav_34         sound_gbfx2_sav
     00000002  ___bank_sound_gbfx2_sav_35         sound_gbfx2_sav
     00000002  ___bank_sound_gbfx2_sav_36         sound_gbfx2_sav
     00000002  ___bank_sound_gbfx2_sav_37         sound_gbfx2_sav
     00000002  ___bank_sound_gbfx2_sav_38         sound_gbfx2_sav
     00000002  ___bank_sound_gbfx2_sav_39         sound_gbfx2_sav
     00000002  ___bank_sound_gbfx2_sav_40         sound_gbfx2_sav
     00000002  ___bank_sound_gbfx2_sav_41         sound_gbfx2_sav
     00000002  ___bank_sound_gbfx2_sav_42         sound_gbfx2_sav
     00000002  ___bank_sound_gbfx2_sav_43         sound_gbfx2_sav
     00000002  ___bank_sound_gbfx2_sav_44         sound_gbfx2_sav
     00000002  ___bank_sound_gbfx2_sav_45         sound_gbfx2_sav
     00000002  ___bank_sound_gbfx2_sav_46         sound_gbfx2_sav
     00000002  ___bank_sound_gbfx2_sav_47         sound_gbfx2_sav
     00000002  ___bank_sound_gbfx2_sav_48         sound_gbfx2_sav
     00000002  ___bank_sound_gbfx2_sav_49         sound_gbfx2_sav
     00000002  ___bank_sound_gbfx2_sav_50         sound_gbfx2_sav
     00000002  ___bank_sound_gbfx2_sav_51         sound_gbfx2_sav
     00000002  ___bank_sound_gbfx2_sav_52         sound_gbfx2_sav
     00000002  ___bank_sound_gbfx2_sav_53         sound_gbfx2_sav
     00000002  ___bank_sound_gbfx2_sav_54         sound_gbfx2_sav
     00000002  ___bank_sound_gbfx2_sav_55         sound_gbfx2_sav
     00000002  ___bank_sound_gbfx2_sav_56         sound_gbfx2_sav
     00000002  ___bank_sound_gbfx2_sav_57         sound_gbfx2_sav
     00000002  ___bank_sound_gbfx2_sav_58         sound_gbfx2_sav
     00000002  ___bank_sound_gbfx2_sav_59         sound_gbfx2_sav
     00000002  ___mute_mask_sound_action_sav_00   sound_action_sav
     00000002  ___mute_mask_sound_action_sav_01   sound_action_sav
     00000002  ___mute_mask_sound_action_sav_02   sound_action_sav
     00000002  ___mute_mask_sound_action_sav_03   sound_action_sav
     00000002  ___mute_mask_sound_action_sav_04   sound_action_sav
     00000002  ___mute_mask_sound_action_sav_11   sound_action_sav
     00000002  ___mute_mask_sound_action_sav_20   sound_action_sav
     00000002  ___mute_mask_sound_action_sav_22   sound_action_sav
     00000002  ___mute_mask_sound_action_sav_23   sound_action_sav
     00000002  ___mute_mask_sound_action_sav_25   sound_action_sav
     00000002  ___mute_mask_sound_action_sav_29   sound_action_sav
     00000002  ___mute_mask_sound_action_sav_31   sound_action_sav
     00000002  ___mute_mask_sound_action_sav_33   sound_action_sav
     00000002  ___mute_mask_sound_action_sav_35   sound_action_sav
     00000002  ___mute_mask_sound_gbfx2_sav_00    sound_gbfx2_sav
     00000002  ___mute_mask_sound_gbfx2_sav_01    sound_gbfx2_sav
ASxxxx Linker V03.00 + NoICE + sdld,  page 4.
Hexadecimal  [32-Bits]

Area                                    Addr        Size        Decimal Bytes (Attributes)
--------------------------------        ----        ----        ------- ----- ------------
.  .ABS.                            00000000    00000000 =           0. bytes (ABS,CON)

      Value  Global                              Global Defined In Module
      -----  --------------------------------   ------------------------
     00000002  ___mute_mask_sound_gbfx2_sav_02    sound_gbfx2_sav
     00000002  ___mute_mask_sound_gbfx2_sav_03    sound_gbfx2_sav
     00000002  ___mute_mask_sound_gbfx2_sav_04    sound_gbfx2_sav
     00000002  ___mute_mask_sound_gbfx2_sav_05    sound_gbfx2_sav
     00000002  ___mute_mask_sound_gbfx2_sav_06    sound_gbfx2_sav
     00000002  ___mute_mask_sound_gbfx2_sav_07    sound_gbfx2_sav
     00000002  ___mute_mask_sound_gbfx2_sav_08    sound_gbfx2_sav
     00000002  ___mute_mask_sound_gbfx2_sav_09    sound_gbfx2_sav
     00000002  ___mute_mask_sound_gbfx2_sav_10    sound_gbfx2_sav
     00000002  ___mute_mask_sound_gbfx2_sav_11    sound_gbfx2_sav
     00000002  ___mute_mask_sound_gbfx2_sav_12    sound_gbfx2_sav
     00000002  ___mute_mask_sound_gbfx2_sav_13    sound_gbfx2_sav
     00000002  ___mute_mask_sound_gbfx2_sav_14    sound_gbfx2_sav
     00000002  ___mute_mask_sound_gbfx2_sav_15    sound_gbfx2_sav
     00000002  ___mute_mask_sound_gbfx2_sav_48    sound_gbfx2_sav
     00000002  ___mute_mask_sound_gbfx2_sav_49    sound_gbfx2_sav
     00000002  ___mute_mask_sound_gbfx2_sav_50    sound_gbfx2_sav
     00000002  ___mute_mask_sound_gbfx2_sav_51    sound_gbfx2_sav
     00000002  ___mute_mask_sound_gbfx2_sav_52    sound_gbfx2_sav
     00000002  ___mute_mask_sound_gbfx2_sav_53    sound_gbfx2_sav
     00000002  ___mute_mask_sound_gbfx2_sav_54    sound_gbfx2_sav
     00000002  ___mute_mask_sound_gbfx2_sav_55    sound_gbfx2_sav
     00000002  ___mute_mask_sound_gbfx2_sav_56    sound_gbfx2_sav
     00000002  ___mute_mask_sound_gbfx2_sav_57    sound_gbfx2_sav
     00000002  ___mute_mask_sound_gbfx2_sav_58    sound_gbfx2_sav
     00000002  ___mute_mask_sound_gbfx2_sav_59    sound_gbfx2_sav
     00000002  ___mute_mask_sound_gbfx_sav_00     sound_gbfx_sav
     00000002  ___mute_mask_sound_gbfx_sav_01     sound_gbfx_sav
     00000002  ___mute_mask_sound_gbfx_sav_02     sound_gbfx_sav
     00000002  ___mute_mask_sound_gbfx_sav_03     sound_gbfx_sav
     00000002  ___mute_mask_sound_gbfx_sav_04     sound_gbfx_sav
     00000002  ___mute_mask_sound_gbfx_sav_05     sound_gbfx_sav
     00000002  ___mute_mask_sound_gbfx_sav_06     sound_gbfx_sav
     00000002  ___mute_mask_sound_gbfx_sav_07     sound_gbfx_sav
     00000002  ___mute_mask_sound_gbfx_sav_08     sound_gbfx_sav
     00000002  ___mute_mask_sound_gbfx_sav_09     sound_gbfx_sav
     00000002  ___mute_mask_sound_gbfx_sav_10     sound_gbfx_sav
     00000002  ___mute_mask_sound_gbfx_sav_11     sound_gbfx_sav
     00000002  ___mute_mask_sound_gbfx_sav_12     sound_gbfx_sav
     00000002  ___mute_mask_sound_gbfx_sav_13     sound_gbfx_sav
     00000002  ___mute_mask_sound_gbfx_sav_14     sound_gbfx_sav
     00000002  ___mute_mask_sound_gbfx_sav_15     sound_gbfx_sav
     00000002  ___mute_mask_sound_gbfx_sav_32     sound_gbfx_sav
     00000002  ___mute_mask_sound_gbfx_sav_33     sound_gbfx_sav
     00000002  ___mute_mask_sound_gbfx_sav_34     sound_gbfx_sav
     00000002  ___mute_mask_sound_gbfx_sav_35     sound_gbfx_sav
     00000002  ___mute_mask_sound_gbfx_sav_36     sound_gbfx_sav
     00000002  ___mute_mask_sound_gbfx_sav_37     sound_gbfx_sav
     00000002  ___mute_mask_sound_gbfx_sav_38     sound_gbfx_sav
     00000002  ___mute_mask_sound_gbfx_sav_39     sound_gbfx_sav
     00000002  ___mute_mask_sound_gbfx_sav_48     sound_gbfx_sav
ASxxxx Linker V03.00 + NoICE + sdld,  page 5.
Hexadecimal  [32-Bits]

Area                                    Addr        Size        Decimal Bytes (Attributes)
--------------------------------        ----        ----        ------- ----- ------------
.  .ABS.                            00000000    00000000 =           0. bytes (ABS,CON)

      Value  Global                              Global Defined In Module
      -----  --------------------------------   ------------------------
     00000002  b_activate_actor                   actor
     00000002  b_activate_actors_in_col           actor
     00000002  b_activate_actors_in_row           actor
     00000002  b_actor_at_tile                    actor
     00000002  b_actor_get_frame_offset           actor
     00000002  b_actor_in_front_of_player         actor
     00000002  b_actor_overlapping_bb             actor
     00000002  b_actor_overlapping_player         actor
     00000002  b_actor_set_anim_idle              actor
     00000002  b_actor_set_anim_moving            actor
     00000002  b_actor_set_dir                    actor
     00000002  b_actor_set_frame_offset           actor
     00000002  b_actor_set_frames                 actor
     00000002  b_actors_handle_player_collision   actor
     00000002  b_actors_init                      actor
     00000002  b_check_collision_in_direction     actor
     00000002  b_deactivate_actor                 actor
     00000002  b_palette_init                     palette
     00000002  b_player_init                      actor
     00000002  b_vm_actor_activate                vm_actor
     00000002  b_vm_actor_deactivate              vm_actor
     00000002  b_vm_actor_emote                   vm_actor
     00000002  b_vm_actor_get_angle               vm_actor
     00000002  b_vm_actor_get_anim_frame          vm_actor
     00000002  b_vm_actor_get_dir                 vm_actor
     00000002  b_vm_actor_get_pos                 vm_actor
     00000002  b_vm_actor_move_cancel             vm_actor
     00000002  b_vm_actor_move_to                 vm_actor
     00000002  b_vm_actor_replace_tile            vm_actor
     00000002  b_vm_actor_set_anim                vm_actor
     00000002  b_vm_actor_set_anim_frame          vm_actor
     00000002  b_vm_actor_set_anim_set            vm_actor
     00000002  b_vm_actor_set_anim_tick           vm_actor
     00000002  b_vm_actor_set_bounds              vm_actor
     00000002  b_vm_actor_set_dir                 vm_actor
     00000002  b_vm_actor_set_flags               vm_actor
     00000002  b_vm_actor_set_move_speed          vm_actor
     00000002  b_vm_actor_set_pos                 vm_actor
     00000002  b_vm_actor_set_spritesheet         vm_actor
     00000002  b_vm_actor_set_spritesheet_by_re   vm_actor
     00000002  b_vm_actor_terminate_update        vm_actor
     00000002  l__HEADER5                      
     00000002  l__HEADERc                      
     00000002  l__HEADERf                      
     00000003  ___bank_scene_1_sprites            scene_1_sprites
     00000003  ___bank_song_bs_free_sportsintro   song_bs_free_sportsintro_Dat
     00000003  ___bank_sprite_mamee_packet_item   sprite_mamee_packet_item
     00000003  b_assign_state_script              platform
     00000003  b_basic_anim                       platform
     00000003  b_clear_state_script               platform
     00000003  b_dash_init_switch                 platform
ASxxxx Linker V03.00 + NoICE + sdld,  page 6.
Hexadecimal  [32-Bits]

Area                                    Addr        Size        Decimal Bytes (Attributes)
--------------------------------        ----        ----        ------- ----- ------------
.  .ABS.                            00000000    00000000 =           0. bytes (ABS,CON)

      Value  Global                              Global Defined In Module
      -----  --------------------------------   ------------------------
     00000003  b_drop_press                       platform
     00000003  b_ladder_check                     platform
     00000003  b_ladder_switch                    platform
     00000003  b_platform_init                    platform
     00000003  b_platform_update                  platform
     00000003  b_wall_check                       platform
     00000003  l__HEADER8                      
     00000003  l__HEADER_LCD0                  
     00000003  l__HRAM12                       
     00000004  ___bank_VM_GAMEBOY                 vm_gameboy
     00000004  ___bank_VM_MAIN                    vm
     00000004  ___bank_bg_stage_1_tilemap         bg_stage_1_tilemap
     00000004  ___bank_palette_0                  palette_0
     00000004  ___bank_scene_1_collisions         scene_1_collisions
     00000004  ___bank_spritesheet_none           spritesheet_none
     00000004  b_script_detach_hthread            vm
     00000004  b_script_execute                   vm
     00000004  b_script_runner_init               vm
     00000004  b_script_terminate                 vm
     00000004  b_vm_call                          vm
     00000004  b_vm_call_far                      vm
     00000004  b_vm_context_prepare               vm_gameboy
     00000004  b_vm_fade                          vm_gameboy
     00000004  b_vm_get_indirect                  vm
     00000004  b_vm_get_int16                     vm
     00000004  b_vm_get_int8                      vm
     00000004  b_vm_get_tile_xy                   vm_gameboy
     00000004  b_vm_get_tlocal                    vm
     00000004  b_vm_get_uint8                     vm
     00000004  b_vm_idle                          vm
     00000004  b_vm_if                            vm
     00000004  b_vm_if_const                      vm
     00000004  b_vm_init_rng                      vm
     00000004  b_vm_input_attach                  vm_gameboy
     00000004  b_vm_input_detach                  vm_gameboy
     00000004  b_vm_input_get                     vm_gameboy
     00000004  b_vm_input_wait                    vm_gameboy
     00000004  b_vm_invoke                        vm
     00000004  b_vm_join                          vm
     00000004  b_vm_jump                          vm
     00000004  b_vm_load_tiles                    vm_gameboy
     00000004  b_vm_load_tileset                  vm_gameboy
     00000004  b_vm_lock                          vm
     00000004  b_vm_loop                          vm
     00000004  b_vm_memcpy                        vm
     00000004  b_vm_memset                        vm
     00000004  b_vm_poll                          vm_gameboy
     00000004  b_vm_poll_loaded                   vm
     00000004  b_vm_pop                           vm
     00000004  b_vm_push                          vm
     00000004  b_vm_push_reference                vm
ASxxxx Linker V03.00 + NoICE + sdld,  page 7.
Hexadecimal  [32-Bits]

Area                                    Addr        Size        Decimal Bytes (Attributes)
--------------------------------        ----        ----        ------- ----- ------------
.  .ABS.                            00000000    00000000 =           0. bytes (ABS,CON)

      Value  Global                              Global Defined In Module
      -----  --------------------------------   ------------------------
     00000004  b_vm_push_value                    vm
     00000004  b_vm_push_value_ind                vm
     00000004  b_vm_raise                         vm
     00000004  b_vm_rand                          vm
     00000004  b_vm_replace_tile                  vm_gameboy
     00000004  b_vm_replace_tile_xy               vm_gameboy
     00000004  b_vm_reserve                       vm
     00000004  b_vm_ret                           vm
     00000004  b_vm_ret_far                       vm
     00000004  b_vm_rumble                        vm_gameboy
     00000004  b_vm_set                           vm
     00000004  b_vm_set_const                     vm
     00000004  b_vm_set_const_int16               vm
     00000004  b_vm_set_const_int8                vm
     00000004  b_vm_set_indirect                  vm
     00000004  b_vm_set_int16                     vm
     00000004  b_vm_set_int8                      vm
     00000004  b_vm_set_sprite_mode               vm_gameboy
     00000004  b_vm_set_sprites_visible           vm_gameboy
     00000004  b_vm_set_uint8                     vm
     00000004  b_vm_terminate                     vm
     00000004  b_vm_test_terminate                vm
     00000004  b_vm_timer_prepare                 vm_gameboy
     00000004  b_vm_timer_reset                   vm_gameboy
     00000004  b_vm_timer_set                     vm_gameboy
     00000004  b_vm_timer_stop                    vm_gameboy
     00000004  b_vm_unlock                        vm
     00000004  b_wait_frames                      vm
     00000004  l__CRASH_HEADER1                
     00000004  l__HEADER_SIO0                  
     00000004  l__HEADER_TIMER0                
     00000005  ___bank_VM_PALETTE                 vm_palette
     00000005  ___bank_font_gbs_mono              font_gbs_mono
     00000005  ___bank_font_gbs_sans_regular      font_gbs_sans_regular
     00000005  ___bank_script_6                   script_6
     00000005  ___bank_song_bs_free_dr_mario_Da   song_bs_free_dr_mario_Data
     00000005  ___bank_sound_gbfx_sav_00          sound_gbfx_sav
     00000005  ___bank_sound_gbfx_sav_01          sound_gbfx_sav
     00000005  ___bank_sound_gbfx_sav_02          sound_gbfx_sav
     00000005  ___bank_sound_gbfx_sav_03          sound_gbfx_sav
     00000005  ___bank_sound_gbfx_sav_04          sound_gbfx_sav
     00000005  ___bank_sound_gbfx_sav_05          sound_gbfx_sav
     00000005  ___bank_sound_gbfx_sav_06          sound_gbfx_sav
     00000005  ___bank_sound_gbfx_sav_07          sound_gbfx_sav
     00000005  ___bank_sound_gbfx_sav_08          sound_gbfx_sav
     00000005  ___bank_sound_gbfx_sav_09          sound_gbfx_sav
     00000005  ___bank_sound_gbfx_sav_10          sound_gbfx_sav
     00000005  ___bank_sound_gbfx_sav_11          sound_gbfx_sav
     00000005  ___bank_sound_gbfx_sav_12          sound_gbfx_sav
     00000005  ___bank_sound_gbfx_sav_13          sound_gbfx_sav
     00000005  ___bank_sound_gbfx_sav_14          sound_gbfx_sav
ASxxxx Linker V03.00 + NoICE + sdld,  page 8.
Hexadecimal  [32-Bits]

Area                                    Addr        Size        Decimal Bytes (Attributes)
--------------------------------        ----        ----        ------- ----- ------------
.  .ABS.                            00000000    00000000 =           0. bytes (ABS,CON)

      Value  Global                              Global Defined In Module
      -----  --------------------------------   ------------------------
     00000005  ___bank_sound_gbfx_sav_15          sound_gbfx_sav
     00000005  ___bank_sound_gbfx_sav_16          sound_gbfx_sav
     00000005  ___bank_sound_gbfx_sav_17          sound_gbfx_sav
     00000005  ___bank_sound_gbfx_sav_18          sound_gbfx_sav
     00000005  ___bank_sound_gbfx_sav_19          sound_gbfx_sav
     00000005  ___bank_sound_gbfx_sav_20          sound_gbfx_sav
     00000005  ___bank_sound_gbfx_sav_21          sound_gbfx_sav
     00000005  ___bank_sound_gbfx_sav_22          sound_gbfx_sav
     00000005  ___bank_sound_gbfx_sav_23          sound_gbfx_sav
     00000005  ___bank_sound_gbfx_sav_24          sound_gbfx_sav
     00000005  ___bank_sound_gbfx_sav_25          sound_gbfx_sav
     00000005  ___bank_sound_gbfx_sav_26          sound_gbfx_sav
     00000005  ___bank_sound_gbfx_sav_27          sound_gbfx_sav
     00000005  ___bank_sound_gbfx_sav_28          sound_gbfx_sav
     00000005  ___bank_sound_gbfx_sav_29          sound_gbfx_sav
     00000005  ___bank_sound_gbfx_sav_30          sound_gbfx_sav
     00000005  ___bank_sound_gbfx_sav_31          sound_gbfx_sav
     00000005  ___bank_sound_gbfx_sav_32          sound_gbfx_sav
     00000005  ___bank_sound_gbfx_sav_33          sound_gbfx_sav
     00000005  ___bank_sound_gbfx_sav_34          sound_gbfx_sav
     00000005  ___bank_sound_gbfx_sav_35          sound_gbfx_sav
     00000005  ___bank_sound_gbfx_sav_36          sound_gbfx_sav
     00000005  ___bank_sound_gbfx_sav_37          sound_gbfx_sav
     00000005  ___bank_sound_gbfx_sav_38          sound_gbfx_sav
     00000005  ___bank_sound_gbfx_sav_39          sound_gbfx_sav
     00000005  ___bank_sound_gbfx_sav_40          sound_gbfx_sav
     00000005  ___bank_sound_gbfx_sav_41          sound_gbfx_sav
     00000005  ___bank_sound_gbfx_sav_42          sound_gbfx_sav
     00000005  ___bank_sound_gbfx_sav_43          sound_gbfx_sav
     00000005  ___bank_sound_gbfx_sav_44          sound_gbfx_sav
     00000005  ___bank_sound_gbfx_sav_45          sound_gbfx_sav
     00000005  ___bank_sound_gbfx_sav_46          sound_gbfx_sav
     00000005  ___bank_sound_gbfx_sav_47          sound_gbfx_sav
     00000005  ___bank_sound_gbfx_sav_48          sound_gbfx_sav
     00000005  b_do_load_palette                  data_manager
     00000005  b_load_background                  data_manager
     00000005  b_load_bkg_tileset                 data_manager
     00000005  b_load_bounds                      data_manager
     00000005  b_load_emote                       data_manager
     00000005  b_load_init                        data_manager
     00000005  b_load_player                      data_manager
     00000005  b_load_scene                       data_manager
     00000005  b_load_sprite                      data_manager
     00000005  b_vm_load_palette                  vm_palette
     00000005  l__CRASH_HEADER0                
     00000005  l__HEADER1                      
     00000006  ___bank_VM_CAMERA                  vm_camera
     00000006  ___bank_VM_UI                      vm_ui
     00000006  ___bank_actor_12_interact          actor_12_interact
     00000006  ___bank_bg_stage_1_tileset         bg_stage_1_tileset
     00000006  ___bank_palette_1                  palette_1
ASxxxx Linker V03.00 + NoICE + sdld,  page 9.
Hexadecimal  [32-Bits]

Area                                    Addr        Size        Decimal Bytes (Attributes)
--------------------------------        ----        ----        ------- ----- ------------
.  .ABS.                            00000000    00000000 =           0. bytes (ABS,CON)

      Value  Global                              Global Defined In Module
      -----  --------------------------------   ------------------------
     00000006  ___bank_scene_0_sprites            scene_0_sprites
     00000006  ___bank_song_bs_free_menu_Data     song_bs_free_menu_Data
     00000006  ___bank_sound_action_sav_00        sound_action_sav
     00000006  ___bank_sound_action_sav_01        sound_action_sav
     00000006  ___bank_sound_action_sav_02        sound_action_sav
     00000006  ___bank_sound_action_sav_03        sound_action_sav
     00000006  ___bank_sound_action_sav_04        sound_action_sav
     00000006  ___bank_sound_action_sav_05        sound_action_sav
     00000006  ___bank_sound_action_sav_06        sound_action_sav
     00000006  ___bank_sound_action_sav_07        sound_action_sav
     00000006  ___bank_sound_action_sav_08        sound_action_sav
     00000006  ___bank_sound_action_sav_09        sound_action_sav
     00000006  ___bank_sound_action_sav_10        sound_action_sav
     00000006  ___bank_sound_action_sav_11        sound_action_sav
     00000006  ___bank_sound_action_sav_12        sound_action_sav
     00000006  ___bank_sound_action_sav_13        sound_action_sav
     00000006  ___bank_sound_action_sav_14        sound_action_sav
     00000006  ___bank_sound_action_sav_15        sound_action_sav
     00000006  ___bank_sound_action_sav_16        sound_action_sav
     00000006  ___bank_sound_action_sav_17        sound_action_sav
     00000006  ___bank_sound_action_sav_18        sound_action_sav
     00000006  ___bank_sound_action_sav_19        sound_action_sav
     00000006  ___bank_sound_action_sav_20        sound_action_sav
     00000006  ___bank_sound_action_sav_21        sound_action_sav
     00000006  ___bank_sound_action_sav_22        sound_action_sav
     00000006  ___bank_sound_action_sav_23        sound_action_sav
     00000006  ___bank_sound_action_sav_24        sound_action_sav
     00000006  ___bank_sound_action_sav_25        sound_action_sav
     00000006  ___bank_sound_action_sav_26        sound_action_sav
     00000006  ___bank_sound_action_sav_27        sound_action_sav
     00000006  ___bank_sound_action_sav_28        sound_action_sav
     00000006  ___bank_sound_action_sav_29        sound_action_sav
     00000006  ___bank_sound_action_sav_30        sound_action_sav
     00000006  ___bank_sound_action_sav_31        sound_action_sav
     00000006  ___bank_sound_action_sav_32        sound_action_sav
     00000006  ___bank_sound_action_sav_33        sound_action_sav
     00000006  ___bank_sound_action_sav_34        sound_action_sav
     00000006  ___bank_sound_action_sav_35        sound_action_sav
     00000006  ___bank_sound_action_sav_36        sound_action_sav
     00000006  ___bank_sound_action_sav_37        sound_action_sav
     00000006  ___bank_sound_action_sav_38        sound_action_sav
     00000006  ___bank_sound_action_sav_39        sound_action_sav
     00000006  ___bank_sound_action_sav_40        sound_action_sav
     00000006  ___bank_sound_action_sav_58        sound_action_sav
     00000006  ___bank_sound_action_sav_59        sound_action_sav
     00000006  ___bank_sprite_placeholder_sprit   sprite_placeholder_sprite_ti
     00000006  b_adventure_init                   adventure
     00000006  b_adventure_update                 adventure
     00000006  b_camera_shake_frames              vm_camera
     00000006  b_core_reset                       core
     00000006  b_core_run                         core
ASxxxx Linker V03.00 + NoICE + sdld,  page 10.
Hexadecimal  [32-Bits]

Area                                    Addr        Size        Decimal Bytes (Attributes)
--------------------------------        ----        ----        ------- ----- ------------
.  .ABS.                            00000000    00000000 =           0. bytes (ABS,CON)

      Value  Global                              Global Defined In Module
      -----  --------------------------------   ------------------------
     00000006  b_data_clear                       load_save
     00000006  b_data_init                        load_save
     00000006  b_data_load                        load_save
     00000006  b_data_peek                        load_save
     00000006  b_data_save                        load_save
     00000006  b_projectile_launch                projectiles
     00000006  b_projectiles_init                 projectiles
     00000006  b_scroll_init                      scroll
     00000006  b_scroll_repaint                   scroll
     00000006  b_scroll_reset                     scroll
     00000006  b_scroll_update                    scroll
     00000006  b_shmup_init                       shmup
     00000006  b_shmup_update                     shmup
     00000006  b_vm_camera_move_to                vm_camera
     00000006  b_vm_camera_set_pos                vm_camera
     00000006  b_vm_choice                        vm_ui
     00000006  b_vm_display_text                  vm_ui
     00000006  b_vm_overlay_clear                 vm_ui
     00000006  b_vm_overlay_move_to               vm_ui
     00000006  b_vm_overlay_scroll                vm_ui
     00000006  b_vm_overlay_set_map               vm_ui
     00000006  b_vm_overlay_set_scroll            vm_ui
     00000006  b_vm_overlay_set_submap            vm_ui
     00000006  b_vm_overlay_set_submap_ex         vm_ui
     00000006  b_vm_overlay_setpos                vm_ui
     00000006  b_vm_overlay_show                  vm_ui
     00000006  b_vm_overlay_wait                  vm_ui
     00000006  b_vm_set_font                      vm_ui
     00000006  b_vm_set_text_sound                vm_ui
     00000006  b_vm_switch_text_layer             vm_ui
     00000006  l__HEADER7                      
     00000007  ___bank_VM_GBPRINTER               vm_gbprinter
     00000007  ___bank_VM_LOAD_SAVE               vm_load_save
     00000007  ___bank_VM_MATH                    vm_math
     00000007  ___bank_VM_MUSIC                   vm_music
     00000007  ___bank_VM_PROJECTILE              vm_projectiles
     00000007  ___bank_VM_RTC                     vm_rtc
     00000007  ___bank_VM_SCENE                   vm_scene
     00000007  ___bank_VM_SIO                     vm_sio
     00000007  ___bank_actor_0_interact           actor_0_interact
     00000007  ___bank_actor_10_interact          actor_10_interact
     00000007  ___bank_actor_13_interact          actor_13_interact
     00000007  ___bank_actor_14_interact          actor_14_interact
     00000007  ___bank_actor_15_interact          actor_15_interact
     00000007  ___bank_actor_1_interact           actor_1_interact
     00000007  ___bank_actor_2_interact           actor_2_interact
     00000007  ___bank_actor_3_interact           actor_3_interact
     00000007  ___bank_actor_4_interact           actor_4_interact
     00000007  ___bank_actor_6_interact           actor_6_interact
     00000007  ___bank_actor_9_interact           actor_9_interact
     00000007  ___bank_bg_options_screen_tilema   bg_options_screen_tilemap
ASxxxx Linker V03.00 + NoICE + sdld,  page 11.
Hexadecimal  [32-Bits]

Area                                    Addr        Size        Decimal Bytes (Attributes)
--------------------------------        ----        ----        ------- ----- ------------
.  .ABS.                            00000000    00000000 =           0. bytes (ABS,CON)

      Value  Global                              Global Defined In Module
      -----  --------------------------------   ------------------------
     00000007  ___bank_bg_options_screen_tilese   bg_options_screen_tileset
     00000007  ___bank_bg_title_screen_tilemap    bg_title_screen_tilemap
     00000007  ___bank_frame_image                frame_image
     00000007  ___bank_scene_0                    scene_0
     00000007  ___bank_scene_0_actors             scene_0_actors
     00000007  ___bank_scene_0_collisions         scene_0_collisions
     00000007  ___bank_scene_0_init               scene_0_init
     00000007  ___bank_scene_1                    scene_1
     00000007  ___bank_scene_1_actors             scene_1_actors
     00000007  ___bank_scene_2                    scene_2
     00000007  ___bank_scene_2_collisions         scene_2_collisions
     00000007  ___bank_scene_2_init               scene_2_init
     00000007  ___bank_scene_4                    scene_4
     00000007  ___bank_scene_4_collisions         scene_4_collisions
     00000007  ___bank_scene_4_init               scene_4_init
     00000007  ___bank_script_1                   script_1
     00000007  ___bank_script_4                   script_4
     00000007  ___bank_script_5                   script_5
     00000007  ___bank_script_7                   script_7
     00000007  ___bank_script_8                   script_8
     00000007  ___bank_script_engine_init         
     00000007  ___bank_script_input_0             script_input_0
     00000007  ___bank_script_input_1             script_input_1
     00000007  ___bank_sprite_mamee_letters       sprite_mamee_letters
     00000007  ___bank_sprite_mamee_letters_til   sprite_mamee_letters_tileset
     00000007  ___bank_sprite_mamee_packet_item   sprite_mamee_packet_item_til
     00000007  ___bank_sprite_monster             sprite_monster
     00000007  ___bank_sprite_monster_tileset     sprite_monster_tileset
     00000007  ___bank_sprite_placeholder_sprit   sprite_placeholder_sprite
     00000007  b_SIO_init                         sio
     00000007  b___HandleCrash_banked             
     00000007  b_camera_init                      camera
     00000007  b_camera_reset                     camera
     00000007  b_erase_flash                      
     00000007  b_events_init                      events
     00000007  b_fade_applypalettechange          fade_manager
     00000007  b_fade_in                          fade_manager
     00000007  b_fade_in_modal                    fade_manager
     00000007  b_fade_init                        fade_manager
     00000007  b_fade_out                         fade_manager
     00000007  b_fade_out_modal                   fade_manager
     00000007  b_fade_setspeed                    fade_manager
     00000007  b_fade_update                      fade_manager
     00000007  b_gbprinter_detect                 gbprinter
     00000007  b_gbprinter_print_overlay          gbprinter
     00000007  b_itoa_fmt                         vm_ui_a
     00000007  b_music_events_poll                music_manager
     00000007  b_music_init_driver                music_manager
     00000007  b_music_init_events                music_manager
     00000007  b_pointnclick_init                 pointnclick
     00000007  b_pointnclick_update               pointnclick
ASxxxx Linker V03.00 + NoICE + sdld,  page 12.
Hexadecimal  [32-Bits]

Area                                    Addr        Size        Decimal Bytes (Attributes)
--------------------------------        ----        ----        ------- ----- ------------
.  .ABS.                            00000000    00000000 =           0. bytes (ABS,CON)

      Value  Global                              Global Defined In Module
      -----  --------------------------------   ------------------------
     00000007  b_restore_sram                     flasher
     00000007  b_restore_sram_bank                flasher
     00000007  b_save_sram                        flasher
     00000007  b_save_sram_banks                  
     00000007  b_scroll_rect                      
     00000007  b_set_sgb_border                   sgb_border
     00000007  b_timers_init                      events
     00000007  b_trigger_activate_at              trigger
     00000007  b_trigger_activate_at_intersecti   trigger
     00000007  b_trigger_at_intersection          trigger
     00000007  b_trigger_at_tile                  trigger
     00000007  b_trigger_interact                 trigger
     00000007  b_trigger_reset                    trigger
     00000007  b_vm_cos_scale                     vm_math
     00000007  b_vm_music_mute                    vm_music
     00000007  b_vm_music_play                    vm_music
     00000007  b_vm_music_routine                 vm_music
     00000007  b_vm_music_setpos                  vm_music
     00000007  b_vm_music_stop                    vm_music
     00000007  b_vm_print_detect                  vm_gbprinter
     00000007  b_vm_print_overlay                 vm_gbprinter
     00000007  b_vm_projectile_launch             vm_projectiles
     00000007  b_vm_projectile_load_type          vm_projectiles
     00000007  b_vm_rtc_get                       vm_rtc
     00000007  b_vm_rtc_latch                     vm_rtc
     00000007  b_vm_rtc_set                       vm_rtc
     00000007  b_vm_rtc_start                     vm_rtc
     00000007  b_vm_save_clear                    vm_load_save
     00000007  b_vm_save_peek                     vm_load_save
     00000007  b_vm_scene_pop                     vm_scene
     00000007  b_vm_scene_pop_all                 vm_scene
     00000007  b_vm_scene_push                    vm_scene
     00000007  b_vm_scene_stack_reset             vm_scene
     00000007  b_vm_sfx_play                      vm_music
     00000007  b_vm_sin_scale                     vm_math
     00000007  b_vm_sio_exchange                  vm_sio
     00000007  b_vm_sio_set_mode                  vm_sio
     00000007  b_vm_sound_mastervol               vm_music
     00000007  l__HEADER2                      
     00000008  ___bank_actor_5_interact           actor_5_interact
     00000008  ___bank_actor_7_interact           actor_7_interact
     00000008  ___bank_actor_8_interact           actor_8_interact
     00000008  ___bank_bg_options_screen          bg_options_screen
     00000008  ___bank_bg_stage_1                 bg_stage_1
     00000008  ___bank_bg_title_screen            bg_title_screen
     00000008  ___bank_bg_toadhallpressshield_g   bg_toadhallpressshield_gbsi
     00000008  ___bank_bootstrap_script           
     00000008  ___bank_cursor_image               cursor_image
     00000008  ___bank_script_2                   script_2
     00000008  ___bank_script_3                   script_3
     00000008  ___bank_script_9                   script_9
ASxxxx Linker V03.00 + NoICE + sdld,  page 13.
Hexadecimal  [32-Bits]

Area                                    Addr        Size        Decimal Bytes (Attributes)
--------------------------------        ----        ----        ------- ----- ------------
.  .ABS.                            00000000    00000000 =           0. bytes (ABS,CON)

      Value  Global                              Global Defined In Module
      -----  --------------------------------   ------------------------
     00000008  ___bank_script_input_2             script_input_2
     00000008  ___mute_mask_sound_action_sav_07   sound_action_sav
     00000008  ___mute_mask_sound_action_sav_08   sound_action_sav
     00000008  ___mute_mask_sound_action_sav_09   sound_action_sav
     00000008  ___mute_mask_sound_action_sav_10   sound_action_sav
     00000008  ___mute_mask_sound_action_sav_12   sound_action_sav
     00000008  ___mute_mask_sound_action_sav_15   sound_action_sav
     00000008  ___mute_mask_sound_action_sav_16   sound_action_sav
     00000008  ___mute_mask_sound_action_sav_17   sound_action_sav
     00000008  ___mute_mask_sound_action_sav_18   sound_action_sav
     00000008  ___mute_mask_sound_action_sav_19   sound_action_sav
     00000008  ___mute_mask_sound_action_sav_34   sound_action_sav
     00000008  ___mute_mask_sound_action_sav_37   sound_action_sav
     00000008  ___mute_mask_sound_action_sav_38   sound_action_sav
     00000008  ___mute_mask_sound_action_sav_39   sound_action_sav
     00000008  ___mute_mask_sound_action_sav_40   sound_action_sav
     00000008  ___mute_mask_sound_action_sav_58   sound_action_sav
     00000008  ___mute_mask_sound_action_sav_59   sound_action_sav
     00000008  ___mute_mask_sound_gbfx2_sav_16    sound_gbfx2_sav
     00000008  ___mute_mask_sound_gbfx2_sav_17    sound_gbfx2_sav
     00000008  ___mute_mask_sound_gbfx2_sav_18    sound_gbfx2_sav
     00000008  ___mute_mask_sound_gbfx2_sav_19    sound_gbfx2_sav
     00000008  ___mute_mask_sound_gbfx2_sav_20    sound_gbfx2_sav
     00000008  ___mute_mask_sound_gbfx2_sav_21    sound_gbfx2_sav
     00000008  ___mute_mask_sound_gbfx2_sav_22    sound_gbfx2_sav
     00000008  ___mute_mask_sound_gbfx2_sav_23    sound_gbfx2_sav
     00000008  ___mute_mask_sound_gbfx2_sav_24    sound_gbfx2_sav
     00000008  ___mute_mask_sound_gbfx2_sav_25    sound_gbfx2_sav
     00000008  ___mute_mask_sound_gbfx2_sav_26    sound_gbfx2_sav
     00000008  ___mute_mask_sound_gbfx2_sav_27    sound_gbfx2_sav
     00000008  ___mute_mask_sound_gbfx2_sav_28    sound_gbfx2_sav
     00000008  ___mute_mask_sound_gbfx2_sav_29    sound_gbfx2_sav
     00000008  ___mute_mask_sound_gbfx2_sav_30    sound_gbfx2_sav
     00000008  ___mute_mask_sound_gbfx2_sav_31    sound_gbfx2_sav
     00000008  ___mute_mask_sound_gbfx_sav_16     sound_gbfx_sav
     00000008  ___mute_mask_sound_gbfx_sav_17     sound_gbfx_sav
     00000008  ___mute_mask_sound_gbfx_sav_18     sound_gbfx_sav
     00000008  ___mute_mask_sound_gbfx_sav_19     sound_gbfx_sav
     00000008  ___mute_mask_sound_gbfx_sav_20     sound_gbfx_sav
     00000008  ___mute_mask_sound_gbfx_sav_21     sound_gbfx_sav
     00000008  ___mute_mask_sound_gbfx_sav_22     sound_gbfx_sav
     00000008  ___mute_mask_sound_gbfx_sav_23     sound_gbfx_sav
     00000008  ___mute_mask_sound_gbfx_sav_24     sound_gbfx_sav
     00000008  ___mute_mask_sound_gbfx_sav_25     sound_gbfx_sav
     00000008  ___mute_mask_sound_gbfx_sav_26     sound_gbfx_sav
     00000008  ___mute_mask_sound_gbfx_sav_27     sound_gbfx_sav
     00000008  ___mute_mask_sound_gbfx_sav_28     sound_gbfx_sav
     00000008  ___mute_mask_sound_gbfx_sav_29     sound_gbfx_sav
     00000008  ___mute_mask_sound_gbfx_sav_30     sound_gbfx_sav
     00000008  ___mute_mask_sound_gbfx_sav_31     sound_gbfx_sav
     00000008  b_input_init                       input
ASxxxx Linker V03.00 + NoICE + sdld,  page 14.
Hexadecimal  [32-Bits]

Area                                    Addr        Size        Decimal Bytes (Attributes)
--------------------------------        ----        ----        ------- ----- ------------
.  .ABS.                            00000000    00000000 =           0. bytes (ABS,CON)

      Value  Global                              Global Defined In Module
      -----  --------------------------------   ------------------------
     00000008  b_logo_init                        logo
     00000008  b_logo_update                      logo
     00000008  b_parallax_init                    parallax
     00000008  b_remove_LCD_ISRs                  interrupts
     00000008  l__HEADER3                      
     0000000A  ___mute_mask_sound_action_sav_05   sound_action_sav
     0000000A  ___mute_mask_sound_action_sav_06   sound_action_sav
     0000000A  ___mute_mask_sound_action_sav_13   sound_action_sav
     0000000A  ___mute_mask_sound_action_sav_14   sound_action_sav
     0000000A  ___mute_mask_sound_action_sav_21   sound_action_sav
     0000000A  ___mute_mask_sound_action_sav_24   sound_action_sav
     0000000A  ___mute_mask_sound_action_sav_26   sound_action_sav
     0000000A  ___mute_mask_sound_action_sav_27   sound_action_sav
     0000000A  ___mute_mask_sound_action_sav_28   sound_action_sav
     0000000A  ___mute_mask_sound_action_sav_30   sound_action_sav
     0000000A  ___mute_mask_sound_action_sav_32   sound_action_sav
     0000000A  ___mute_mask_sound_action_sav_36   sound_action_sav
     0000000A  ___mute_mask_sound_gbfx2_sav_32    sound_gbfx2_sav
     0000000A  ___mute_mask_sound_gbfx2_sav_33    sound_gbfx2_sav
     0000000A  ___mute_mask_sound_gbfx2_sav_34    sound_gbfx2_sav
     0000000A  ___mute_mask_sound_gbfx2_sav_35    sound_gbfx2_sav
     0000000A  ___mute_mask_sound_gbfx2_sav_36    sound_gbfx2_sav
     0000000A  ___mute_mask_sound_gbfx2_sav_37    sound_gbfx2_sav
     0000000A  ___mute_mask_sound_gbfx2_sav_38    sound_gbfx2_sav
     0000000A  ___mute_mask_sound_gbfx2_sav_39    sound_gbfx2_sav
     0000000A  ___mute_mask_sound_gbfx2_sav_40    sound_gbfx2_sav
     0000000A  ___mute_mask_sound_gbfx2_sav_41    sound_gbfx2_sav
     0000000A  ___mute_mask_sound_gbfx2_sav_42    sound_gbfx2_sav
     0000000A  ___mute_mask_sound_gbfx2_sav_43    sound_gbfx2_sav
     0000000A  ___mute_mask_sound_gbfx2_sav_44    sound_gbfx2_sav
     0000000A  ___mute_mask_sound_gbfx2_sav_45    sound_gbfx2_sav
     0000000A  ___mute_mask_sound_gbfx2_sav_46    sound_gbfx2_sav
     0000000A  ___mute_mask_sound_gbfx2_sav_47    sound_gbfx2_sav
     0000000A  ___mute_mask_sound_gbfx_sav_40     sound_gbfx_sav
     0000000A  ___mute_mask_sound_gbfx_sav_41     sound_gbfx_sav
     0000000A  ___mute_mask_sound_gbfx_sav_42     sound_gbfx_sav
     0000000A  ___mute_mask_sound_gbfx_sav_43     sound_gbfx_sav
     0000000A  ___mute_mask_sound_gbfx_sav_44     sound_gbfx_sav
     0000000A  ___mute_mask_sound_gbfx_sav_45     sound_gbfx_sav
     0000000A  ___mute_mask_sound_gbfx_sav_46     sound_gbfx_sav
     0000000A  ___mute_mask_sound_gbfx_sav_47     sound_gbfx_sav
     0000000C  __start_save                    
     00000011  l__EHL_TRAMPOLINE0              
     00000019  l__INITIALIZED                  
     00000019  l__INITIALIZER                  
     00000027  l__GSINIT                       
     00000030  l__HEADER6                      
     0000004E  l__HEADER4                      
     00000082  l__HEADER10                     
     00000190  l__CODE_8                       
     000001CB  l__CRASH_SCRATCH2               
ASxxxx Linker V03.00 + NoICE + sdld,  page 15.
Hexadecimal  [32-Bits]

Area                                    Addr        Size        Decimal Bytes (Attributes)
--------------------------------        ----        ----        ------- ----- ------------
.  .ABS.                            00000000    00000000 =           0. bytes (ABS,CON)

      Value  Global                              Global Defined In Module
      -----  --------------------------------   ------------------------
     00000200  s__CODE                         
     00000BE4  l__CODE                         
     00000DE4  s__HOME                         
     00001A14  l__DATA                         
     00002000  _rROMB0                            
     00002C5C  l__HOME                         
     00003000  _rROMB1                            
     00003A40  s__BASE                         
     00003A40  s__CODE_0                       
     00003A40  s__INITIALIZER                  
     00003A40  s__LIT                          
     00003A59  s__GSINIT                       
     00003A80  s__GSFINAL                      
     00003FFD  l__CODE_7                       
     00003FFE  l__CODE_1                       
     00003FFE  l__CODE_3                       
     00003FFF  l__CODE_4                       
     00004000  _RTC_SELECT_REG                    vm_rtc
     00004000  _rRAMB                             
     00004000  l__CODE_2                       
     00004000  l__CODE_5                       
     00004000  l__CODE_6                       
     00006000  _RTC_LATCH_REG                     vm_rtc
     00008000  __VRAM                             
     00008000  __VRAM8000                         
     00008800  __VRAM8800                         
     00009000  __VRAM9000                         
     00009800  __SCRN0                            
     00009C00  __SCRN1                            
     0000A000  _RTC_VALUE_REG                     vm_rtc
     0000A000  __SRAM                             
     0000C000  __RAM                              
     0000C000  _shadow_OAM                     
     0000C0A0  s__DATA                         
     0000D000  __RAMBANK                          
     0000DAB4  s__BSS                          
     0000DAB4  s__INITIALIZED                  
     0000DACD  s__HEAP                         
     0000DF00  .STACK                          
     0000DF00  _shadow_OAM2                       absolute
     0000DFA0  _BkgPalette                        absolute
     0000DFE0  _vwf_tile_data                     absolute
     0000FE00  __OAMRAM                           
     0000FF00  _P1_REG                            
     0000FF00  __IO                               
     0000FF01  _SB_REG                            
     0000FF02  _SC_REG                            
     0000FF04  _DIV_REG                           
     0000FF05  _TIMA_REG                          
     0000FF06  _TMA_REG                           
     0000FF07  _TAC_REG                           
ASxxxx Linker V03.00 + NoICE + sdld,  page 16.
Hexadecimal  [32-Bits]

Area                                    Addr        Size        Decimal Bytes (Attributes)
--------------------------------        ----        ----        ------- ----- ------------
.  .ABS.                            00000000    00000000 =           0. bytes (ABS,CON)

      Value  Global                              Global Defined In Module
      -----  --------------------------------   ------------------------
     0000FF0F  _IF_REG                            
     0000FF10  _NR10_REG                          
     0000FF11  _NR11_REG                          
     0000FF12  _NR12_REG                          
     0000FF13  _NR13_REG                          
     0000FF14  _NR14_REG                          
     0000FF16  _NR21_REG                          
     0000FF17  _NR22_REG                          
     0000FF18  _NR23_REG                          
     0000FF19  _NR24_REG                          
     0000FF1A  _NR30_REG                          
     0000FF1B  _NR31_REG                          
     0000FF1C  _NR32_REG                          
     0000FF1D  _NR33_REG                          
     0000FF1E  _NR34_REG                          
     0000FF20  _NR41_REG                          
     0000FF21  _NR42_REG                          
     0000FF22  _NR43_REG                          
     0000FF23  _NR44_REG                          
     0000FF24  _NR50_REG                          
     0000FF25  _NR51_REG                          
     0000FF26  _NR52_REG                          
     0000FF30  _AUD3WAVE                          
     0000FF30  _PCM_SAMPLE                        
     0000FF30  __AUD3WAVERAM                      
     0000FF40  _LCDC_REG                          
     0000FF41  _STAT_REG                          
     0000FF42  _SCY_REG                           
     0000FF43  _SCX_REG                           
     0000FF44  _LY_REG                            
     0000FF45  _LYC_REG                           
     0000FF46  _DMA_REG                           
     0000FF47  _BGP_REG                           
     0000FF48  _OBP0_REG                          
     0000FF49  _OBP1_REG                          
     0000FF4A  _WY_REG                            
     0000FF4B  _WX_REG                            
     0000FF4D  _KEY1_REG                          
     0000FF4F  _VBK_REG                           
     0000FF51  _HDMA1_REG                         
     0000FF52  _HDMA2_REG                         
     0000FF53  _HDMA3_REG                         
     0000FF54  _HDMA4_REG                         
     0000FF55  _HDMA5_REG                         
     0000FF56  _RP_REG                            
     0000FF68  _BCPS_REG                          
     0000FF69  _BCPD_REG                          
     0000FF6A  _OCPS_REG                          
     0000FF6B  _OCPD_REG                          
     0000FF70  _SVBK_REG                          
     0000FF76  _PCM12_REG                         
ASxxxx Linker V03.00 + NoICE + sdld,  page 17.
Hexadecimal  [32-Bits]

Area                                    Addr        Size        Decimal Bytes (Attributes)
--------------------------------        ----        ----        ------- ----- ------------
.  .ABS.                            00000000    00000000 =           0. bytes (ABS,CON)

      Value  Global                              Global Defined In Module
      -----  --------------------------------   ------------------------
     0000FF77  _PCM34_REG                         
     0000FF80  .refresh_OAM                    
     0000FF80  __HRAM                             
     0000FFFF  _IE_REG                            
     00014000  s__CODE_1                       
     00024000  s__CODE_2                       
     00034000  s__CODE_3                       
     00044000  s__CODE_4                       
     00054000  s__CODE_5                       
     00064000  s__CODE_6                       
     00074000  s__CODE_7                       
     00084000  s__CODE_8                       

ASxxxx Linker V03.00 + NoICE + sdld,  page 18.
Hexadecimal  [32-Bits]

Area                                    Addr        Size        Decimal Bytes (Attributes)
--------------------------------        ----        ----        ------- ----- ------------
_CODE                               00000200    00000BE4 =        3044. bytes (REL,CON)

      Value  Global                              Global Defined In Module
      -----  --------------------------------   ------------------------
     00000200  ___HandleCrash                     
     0000020A  _SIO_send_byte                     
     0000021D  _SIO_receive                       
     0000022E  _SetTile                           
     0000023D  _set_win_tile_xy                   
     00000242  _set_bkg_tile_xy                   
     00000265  _GetWinAddr                        
     0000026D  _GetBkgAddr                        
     0000027B  _state_init                        
     00000280  _state_update                      
     000002A2  _ui_time_masks                     
     000002AA  _ui_print_shift_char               
     0000032D  _ui_draw_frame_row                 
     00000336  .ui_draw_frame_row                 
     0000035F  _script_cmds                       vm_instructions
     00000593  _save_signature                    game_signature
     00000597  _start_scene_x                     
     00000599  _start_scene_y                     
     0000059B  _start_scene_dir                   
     0000059C  _start_scene                       
     0000059F  _start_player_move_speed           
     000005A0  _start_player_anim_tick            
     000005A1  _ui_fonts                          
     000005A7  _core_reset_hook                   main
     000005AF  _main                              main
     000005B7  _state_start_fns                   
     000005C9  _state_update_fns                  
     000005DB  _hUGE_init_banked                  hUGEDriver_obj
     000005DF  _hUGE_init                         hUGEDriver_obj
     000005EA  _hUGE_mute_channel_banked          hUGEDriver_obj
     000005EE  _hUGE_mute_channel                 hUGEDriver_obj
     000005FB  _hUGE_set_position_banked          hUGEDriver_obj
     000005FF  _hUGE_set_position                 hUGEDriver_obj
     00000608  hUGE_init                          hUGEDriver_obj
     0000065E  hUGE_mute_channel                  hUGEDriver_obj
     00000854  hUGE_set_position                  hUGEDriver_obj
     000009BC  _hUGE_dosound                      hUGEDriver_obj
     000009BC  _hUGE_dosound_banked               hUGEDriver_obj
     000009BC  hUGE_dosound                       hUGEDriver_obj
     00000CAB  _get_vram_byte                     
     00000CB8  _get_win_tile_xy                   
     00000CC0  _get_bkg_tile_xy                   
     00000CE7  _hide_sprites_range                Metasprites
     00000D17  .sgb_check                         
     00000D17  _sgb_check                         
     00000D5F  _sgb_transfer                      
     00000D64  .sgb_transfer                      
     00000DA5  ___move_metasprite                 Metasprites
ASxxxx Linker V03.00 + NoICE + sdld,  page 19.
Hexadecimal  [32-Bits]

Area                                    Addr        Size        Decimal Bytes (Attributes)
--------------------------------        ----        ----        ------- ----- ------------
_HEADER0                            00000000    00000001 =           1. bytes (ABS,CON)

      Value  Global                              Global Defined In Module
      -----  --------------------------------   ------------------------
     00000020  .call_hl                           Runtime

ASxxxx Linker V03.00 + NoICE + sdld,  page 20.
Hexadecimal  [32-Bits]

Area                                    Addr        Size        Decimal Bytes (Attributes)
--------------------------------        ----        ----        ------- ----- ------------
_HEADER1                            00000000    00000005 =           5. bytes (ABS,CON)

      Value  Global                              Global Defined In Module
      -----  --------------------------------   ------------------------
     00000028  .MemsetSmall                       Runtime

ASxxxx Linker V03.00 + NoICE + sdld,  page 21.
Hexadecimal  [32-Bits]

Area                                    Addr        Size        Decimal Bytes (Attributes)
--------------------------------        ----        ----        ------- ----- ------------
_HEADER2                            00000000    00000007 =           7. bytes (ABS,CON)

      Value  Global                              Global Defined In Module
      -----  --------------------------------   ------------------------
     00000030  .MemcpySmall                       Runtime

ASxxxx Linker V03.00 + NoICE + sdld,  page 22.
Hexadecimal  [32-Bits]

Area                                    Addr        Size        Decimal Bytes (Attributes)
--------------------------------        ----        ----        ------- ----- ------------
_HEADER3                            00000000    00000008 =           8. bytes (ABS,CON)

      Value  Global                              Global Defined In Module
      -----  --------------------------------   ------------------------
ASxxxx Linker V03.00 + NoICE + sdld,  page 23.
Hexadecimal  [32-Bits]

Area                                    Addr        Size        Decimal Bytes (Attributes)
--------------------------------        ----        ----        ------- ----- ------------
_HEADER4                            00000000    0000004E =          78. bytes (ABS,CON)

      Value  Global                              Global Defined In Module
      -----  --------------------------------   ------------------------
     00000080  .int                               Runtime
     0000008F  _wait_int_handler                  Runtime
     0000009C  __standard_VBL_handler             Runtime
     000000AC  _refresh_OAM                       Runtime

ASxxxx Linker V03.00 + NoICE + sdld,  page 24.
Hexadecimal  [32-Bits]

Area                                    Addr        Size        Decimal Bytes (Attributes)
--------------------------------        ----        ----        ------- ----- ------------
_HEADER5                            00000000    00000002 =           2. bytes (ABS,CON)

      Value  Global                              Global Defined In Module
      -----  --------------------------------   ------------------------
ASxxxx Linker V03.00 + NoICE + sdld,  page 25.
Hexadecimal  [32-Bits]

Area                                    Addr        Size        Decimal Bytes (Attributes)
--------------------------------        ----        ----        ------- ----- ------------
_HEADER6                            00000000    00000030 =          48. bytes (ABS,CON)

      Value  Global                              Global Defined In Module
      -----  --------------------------------   ------------------------
ASxxxx Linker V03.00 + NoICE + sdld,  page 26.
Hexadecimal  [32-Bits]

Area                                    Addr        Size        Decimal Bytes (Attributes)
--------------------------------        ----        ----        ------- ----- ------------
_HEADER7                            00000000    00000006 =           6. bytes (ABS,CON)

      Value  Global                              Global Defined In Module
      -----  --------------------------------   ------------------------
ASxxxx Linker V03.00 + NoICE + sdld,  page 27.
Hexadecimal  [32-Bits]

Area                                    Addr        Size        Decimal Bytes (Attributes)
--------------------------------        ----        ----        ------- ----- ------------
_HEADER8                            00000000    00000003 =           3. bytes (ABS,CON)

      Value  Global                              Global Defined In Module
      -----  --------------------------------   ------------------------
ASxxxx Linker V03.00 + NoICE + sdld,  page 28.
Hexadecimal  [32-Bits]

Area                                    Addr        Size        Decimal Bytes (Attributes)
--------------------------------        ----        ----        ------- ----- ------------
_HEADER9                            00000000    00000001 =           1. bytes (ABS,CON)

      Value  Global                              Global Defined In Module
      -----  --------------------------------   ------------------------
ASxxxx Linker V03.00 + NoICE + sdld,  page 29.
Hexadecimal  [32-Bits]

Area                                    Addr        Size        Decimal Bytes (Attributes)
--------------------------------        ----        ----        ------- ----- ------------
_HEADERa                            00000000    00000001 =           1. bytes (ABS,CON)

      Value  Global                              Global Defined In Module
      -----  --------------------------------   ------------------------
ASxxxx Linker V03.00 + NoICE + sdld,  page 30.
Hexadecimal  [32-Bits]

Area                                    Addr        Size        Decimal Bytes (Attributes)
--------------------------------        ----        ----        ------- ----- ------------
_HEADERb                            00000000    00000001 =           1. bytes (ABS,CON)

      Value  Global                              Global Defined In Module
      -----  --------------------------------   ------------------------
ASxxxx Linker V03.00 + NoICE + sdld,  page 31.
Hexadecimal  [32-Bits]

Area                                    Addr        Size        Decimal Bytes (Attributes)
--------------------------------        ----        ----        ------- ----- ------------
_HEADERc                            00000000    00000002 =           2. bytes (ABS,CON)

      Value  Global                              Global Defined In Module
      -----  --------------------------------   ------------------------
ASxxxx Linker V03.00 + NoICE + sdld,  page 32.
Hexadecimal  [32-Bits]

Area                                    Addr        Size        Decimal Bytes (Attributes)
--------------------------------        ----        ----        ------- ----- ------------
_HEADERd                            00000000    00000001 =           1. bytes (ABS,CON)

      Value  Global                              Global Defined In Module
      -----  --------------------------------   ------------------------
ASxxxx Linker V03.00 + NoICE + sdld,  page 33.
Hexadecimal  [32-Bits]

Area                                    Addr        Size        Decimal Bytes (Attributes)
--------------------------------        ----        ----        ------- ----- ------------
_HEADERe                            00000000    00000001 =           1. bytes (ABS,CON)

      Value  Global                              Global Defined In Module
      -----  --------------------------------   ------------------------
ASxxxx Linker V03.00 + NoICE + sdld,  page 34.
Hexadecimal  [32-Bits]

Area                                    Addr        Size        Decimal Bytes (Attributes)
--------------------------------        ----        ----        ------- ----- ------------
_HEADERf                            00000000    00000002 =           2. bytes (ABS,CON)

      Value  Global                              Global Defined In Module
      -----  --------------------------------   ------------------------
ASxxxx Linker V03.00 + NoICE + sdld,  page 35.
Hexadecimal  [32-Bits]

Area                                    Addr        Size        Decimal Bytes (Attributes)
--------------------------------        ----        ----        ------- ----- ------------
_HEADER10                           00000000    00000082 =         130. bytes (ABS,CON)

      Value  Global                              Global Defined In Module
      -----  --------------------------------   ------------------------
     00000150  .reset                             Runtime
     00000150  _reset                             Runtime
     00000157  .code_start                        Runtime
     000001B7  _exit                              Runtime
     000001BB  _set_interrupts                    Runtime

ASxxxx Linker V03.00 + NoICE + sdld,  page 36.
Hexadecimal  [32-Bits]

Area                                    Addr        Size        Decimal Bytes (Attributes)
--------------------------------        ----        ----        ------- ----- ------------
_HEADER11                           00000000    00000001 =           1. bytes (ABS,CON)

      Value  Global                              Global Defined In Module
      -----  --------------------------------   ------------------------
ASxxxx Linker V03.00 + NoICE + sdld,  page 37.
Hexadecimal  [32-Bits]

Area                                    Addr        Size        Decimal Bytes (Attributes)
--------------------------------        ----        ----        ------- ----- ------------
_HOME                               00000DE4    00002C5C =       11356. bytes (REL,CON)

      Value  Global                              Global Defined In Module
      -----  --------------------------------   ------------------------
     00000DE4  .memset_simple                     Runtime
     00000DED  .memcpy_simple                     Runtime
     00000E0A  .remove_VBL                        Runtime
     00000E0D  .remove_int                        Runtime
     00000E2A  .add_VBL                           Runtime
     00000E2D  .add_int                           Runtime
     00000E38  .wait_vbl_done                     Runtime
     00000E38  _wait_vbl_done                     Runtime
     00000E48  .display_off                       Runtime
     00000E48  _display_off                       Runtime
     00000E60  _remove_VBL                        Runtime
     00000E6B  _add_VBL                           Runtime
     00000E76  _actors_update                     actor
     00001273  _SetBankedBkgData                  bankdata
     0000128F  _SetBankedSpriteData               bankdata
     000012AB  _SetBankedBkgTiles                 bankdata
     000012C7  _SetBankedWinTiles                 bankdata
     000012E3  _ReadBankedFarPtr                  bankdata
     0000130A  _ReadBankedUWORD                   bankdata
     00001326  _MemcpyBanked                      bankdata
     00001342  _MemcpyVRAMBanked                  bankdata
     0000135E  _IndexOfFarPtr                     bankdata
     000013F4  _camera_update                     camera
     000015EC  _load_animations                   data_manager
     0000164B  _events_update                     events
     0000171D  _timers_update                     events
     000017A5  _input_update                      input
     000017D5  .sio_ISR                           
     0000182F  .timer_ISR                         
     00001844  _simple_LCD_isr                    interrupts
     000018C0  _fullscreen_LCD_isr                interrupts
     000018EC  _VBL_isr                           interrupts
     00001936  _isqrt                             math
     0000198C  _sine_wave                         math
     00001A8C  _dir_lookup                        math
     00001A94  _dir_angle_lookup                  math
     00001A98  _hUGETrackerRoutine                music_manager
     00001AC4  _music_events_update               music_manager
     00001B46  _music_play_isr                    music_manager
     00001BEC  _parallax_LCD_isr                  parallax
     00001C29  _projectiles_update                projectiles
     000020C8  _projectiles_render                projectiles
     0000223B  _scroll_load_pending_row           scroll
     0000228E  _scroll_load_row                   scroll
     000022D3  _scroll_load_col                   scroll
     00002307  _scroll_load_pending_col           scroll
     0000235F  _set_bkg_submap                    
     000023A2  _set_xy_win_submap                 
     000023CF  .set_xy_win_submap                 
     000023D8  .set_xy_bkg_submap                 
ASxxxx Linker V03.00 + NoICE + sdld,  page 38.
Hexadecimal  [32-Bits]

Area                                    Addr        Size        Decimal Bytes (Attributes)
--------------------------------        ----        ----        ------- ----- ------------
_HOME                               00000DE4    00002C5C =       11356. bytes (REL,CON)

      Value  Global                              Global Defined In Module
      -----  --------------------------------   ------------------------
     000023E7  .set_xy_submap                     
     0000242D  _sfx_play_isr                      sfx_player
     00002500  _on_SIO_receive                    sio
     00002541  _SIO_update                        sio
     000025A8  _ui_update                         ui
     000026D7  _vm_sgb_transfer                   vm_sgb
     00002725  _vm_load_text                      vm_ui
     0000297A  _vm_switch                         vm
     00002A7D  _vm_beginthread                    vm
     00002BA2  _vm_rpn                            vm
     000032E4  _vm_get_far                        vm
     0000334E  _vm_call_native                    vm
     00003361  _VM_STEP                           vm
     000033CF  _script_runner_update              vm
     0000353A  _fill_win_rect                     
     0000354C  _rand                              
     0000354C  _randw                             
     00003577  _initrand                          
     00003579  .initrand                          
     00003582  _get_bkg_data                      
     00003582  _get_win_data                      
     000035CF  _get_sprite_data                   
     000035FF  __mulsuchar                        mul
     00003609  __muluschar                        mul
     00003613  __mulschar                         mul
     00003625  __muluchar                         mul
     00003631  __mulint                           mul
     00003657  __divsuchar                        div
     00003664  __modsuchar                        div
     0000366E  __divuschar                        div
     00003680  __moduschar                        div
     00003690  __divschar                         div
     0000369C  __modschar                         div
     000036A6  __divsint                          div
     000036B7  __modsint                          div
     000036C6  __divuchar                         div
     000036D2  __moduchar                         div
     000036DC  __divuint                          div
     000036ED  __moduint                          div
     000036FC  .div8                              div
     000036FC  .mod8                              div
     00003704  .div16                             div
     00003704  .mod16                             div
     0000373A  .divu8                             div
     0000373A  .modu8                             div
     0000373D  .divu16                            div
     0000373D  .modu16                            div
     0000377E  _abs                               abs
     0000378D  _set_win_tiles                     
     000037A1  _set_tile_data                     
     000037A6  _set_bkg_data                      
ASxxxx Linker V03.00 + NoICE + sdld,  page 39.
Hexadecimal  [32-Bits]

Area                                    Addr        Size        Decimal Bytes (Attributes)
--------------------------------        ----        ----        ------- ----- ------------
_HOME                               00000DE4    00002C5C =       11356. bytes (REL,CON)

      Value  Global                              Global Defined In Module
      -----  --------------------------------   ------------------------
     000037A6  _set_win_data                      
     000037AE  _set_sprite_data                   
     000037DE  _reverse                           reverse
     00003812  ___call__banked                    far_ptr
     0000382F  _to_far_ptr                        far_ptr
     00003868  _add_LCD                           
     00003873  .add_LCD                           
     00003879  _remove_LCD                        
     00003884  .remove_LCD                        
     0000388A  .fill_rect_wtt                     
     00003893  .fill_rect_btt                     
     000038E0  .copy_vram                         
     000038F4  _get_data                          
     000038F4  _set_data                          
     000038F4  _vmemcpy                           
     00003907  _fill_bkg_rect                     
     00003919  .padup                             
     00003919  _waitpadup                         
     00003929  .jpad                              
     00003929  _joypad                            
     00003951  _waitpad                           
     00003954  .wait_pad                          
     0000395B  ___sdcc_call_hl                    call_hl
     0000395C  ___memcpy                          memcpy
     0000395C  _memcpy                            memcpy
     0000399F  _memset                            memset
     000039D2  .set_xy_wtt                        SetTileMap
     000039DB  .set_xy_btt                        SetTileMap
     000039EA  .set_xy_tt                         SetTileMap
     00003A2C  _set_bkg_tiles                     

ASxxxx Linker V03.00 + NoICE + sdld,  page 40.
Hexadecimal  [32-Bits]

Area                                    Addr        Size        Decimal Bytes (Attributes)
--------------------------------        ----        ----        ------- ----- ------------
_INITIALIZER                        00003A40    00000019 =          25. bytes (REL,CON)

      Value  Global                              Global Defined In Module
      -----  --------------------------------   ------------------------
ASxxxx Linker V03.00 + NoICE + sdld,  page 41.
Hexadecimal  [32-Bits]

Area                                    Addr        Size        Decimal Bytes (Attributes)
--------------------------------        ----        ----        ------- ----- ------------
_GSINIT                             00003A59    00000027 =          39. bytes (REL,CON)

      Value  Global                              Global Defined In Module
      -----  --------------------------------   ------------------------
     00003A59  gsinit                             Runtime

[...]
                                          [ data_manager ]
C:/Users/shiny/AppData/Local/Temp/_gbsbuild/obj/events.rel
                                          [ events ]
C:/Users/shiny/AppData/Local/Temp/_gbsbuild/obj/fade_manager.rel
                                          [ fade_manager ]
C:/Users/shiny/AppData/Local/Temp/_gbsbuild/obj/flasher_s.rel
                                          [  ]
C:/Users/shiny/AppData/Local/Temp/_gbsbuild/obj/flasher.rel
                                          [ flasher ]
C:/Users/shiny/AppData/Local/Temp/_gbsbuild/obj/game_time.rel
                                          [ game_time ]
C:/Users/shiny/AppData/Local/Temp/_gbsbuild/obj/gbprinter.rel
                                          [ gbprinter ]
C:/Users/shiny/AppData/Local/Temp/_gbsbuild/obj/input.rel
                                          [ input ]
C:/Users/shiny/AppData/Local/Temp/_gbsbuild/obj/interrupt_sio.rel
                                          [  ]
C:/Users/shiny/AppData/Local/Temp/_gbsbuild/obj/interrupt_timer.rel
                                          [  ]
C:/Users/shiny/AppData/Local/Temp/_gbsbuild/obj/interrupts.rel
                                          [ interrupts ]
C:/Users/shiny/AppData/Local/Temp/_gbsbuild/obj/load_save.rel
                                          [ load_save ]
C:/Users/shiny/AppData/Local/Temp/_gbsbuild/obj/math.rel
                                          [ math ]
C:/Users/shiny/AppData/Local/Temp/_gbsbuild/obj/music_manager.rel
                                          [ music_manager ]
C:/Users/shiny/AppData/Local/Temp/_gbsbuild/obj/palette.rel
                                          [ palette ]
C:/Users/shiny/AppData/Local/Temp/_gbsbuild/obj/parallax.rel
                                          [ parallax ]
C:/Users/shiny/AppData/Local/Temp/_gbsbuild/obj/projectiles.rel
                                          [ projectiles ]
C:/Users/shiny/AppData/Local/Temp/_gbsbuild/obj/scroll_a.rel
                                          [  ]
C:/Users/shiny/AppData/Local/Temp/_gbsbuild/obj/scroll.rel
                                          [ scroll ]
C:/Users/shiny/AppData/Local/Temp/_gbsbuild/obj/set_tile_submap.rel
                                          [  ]
C:/Users/shiny/AppData/Local/Temp/_gbsbuild/obj/sfx_player.rel
                                          [ sfx_player ]
C:/Users/shiny/AppData/Local/Temp/_gbsbuild/obj/sgb_border.rel
                                          [ sgb_border ]
C:/Users/shiny/AppData/Local/Temp/_gbsbuild/obj/sio.rel
                                          [ sio ]
C:/Users/shiny/AppData/Local/Temp/_gbsbuild/obj/states_caller.rel
                                          [  ]
C:/Users/shiny/AppData/Local/Temp/_gbsbuild/obj/system.rel
                                          [ system ]
C:/Users/shiny/AppData/Local/Temp/_gbsbuild/obj/trigger.rel
                                          [ trigger ]
C:/Users/shiny/AppData/Local/Temp/_gbsbuild/obj/ui_a.rel
                                          [  ]
C:/Users/shiny/AppData/Local/Temp/_gbsbuild/obj/ui.rel
                                          [ ui ]
C:/Users/shiny/AppData/Local/Temp/_gbsbuild/obj/vm_actor.rel
                                          [ vm_actor ]
C:/Users/shiny/AppData/Local/Temp/_gbsbuild/obj/vm_camera.rel
                                          [ vm_camera ]
C:/Users/shiny/AppData/Local/Temp/_gbsbuild/obj/vm_gameboy.rel
                                          [ vm_gameboy ]
C:/Users/shiny/AppData/Local/Temp/_gbsbuild/obj/vm_gbprinter.rel
                                          [ vm_gbprinter ]
C:/Users/shiny/AppData/Local/Temp/_gbsbuild/obj/vm_instructions.rel
                                          [ vm_instructions ]
C:/Users/shiny/AppData/Local/Temp/_gbsbuild/obj/vm_load_save.rel
                                          [ vm_load_save ]
C:/Users/shiny/AppData/Local/Temp/_gbsbuild/obj/vm_math.rel
                                          [ vm_math ]
C:/Users/shiny/AppData/Local/Temp/_gbsbuild/obj/vm_music.rel
                                          [ vm_music ]
C:/Users/shiny/AppData/Local/Temp/_gbsbuild/obj/vm_palette.rel
                                          [ vm_palette ]
C:/Users/shiny/AppData/Local/Temp/_gbsbuild/obj/vm_projectiles.rel
                                          [ vm_projectiles ]
C:/Users/shiny/AppData/Local/Temp/_gbsbuild/obj/vm_rtc.rel
                                          [ vm_rtc ]
C:/Users/shiny/AppData/Local/Temp/_gbsbuild/obj/vm_scene.rel
                                          [ vm_scene ]
C:/Users/shiny/AppData/Local/Temp/_gbsbuild/obj/vm_sgb.rel
                                          [ vm_sgb ]
C:/Users/shiny/AppData/Local/Temp/_gbsbuild/obj/vm_sio.rel
                                          [ vm_sio ]
C:/Users/shiny/AppData/Local/Temp/_gbsbuild/obj/vm_ui_a.rel
                                          [ vm_ui_a ]
C:/Users/shiny/AppData/Local/Temp/_gbsbuild/obj/vm_ui.rel
                                          [ vm_ui ]
C:/Users/shiny/AppData/Local/Temp/_gbsbuild/obj/vm.rel
                                          [ vm ]
C:/Users/shiny/AppData/Local/Temp/_gbsbuild/obj/actor_0_interact.rel
                                          [ actor_0_interact ]
C:/Users/shiny/AppData/Local/Temp/_gbsbuild/obj/actor_1_interact.rel
                                          [ actor_1_interact ]
C:/Users/shiny/AppData/Local/Temp/_gbsbuild/obj/actor_10_interact.rel
                                          [ actor_10_interact ]
C:/Users/shiny/AppData/Local/Temp/_gbsbuild/obj/actor_12_interact.rel
                                          [ actor_12_interact ]
C:/Users/shiny/AppData/Local/Temp/_gbsbuild/obj/actor_13_interact.rel
                                          [ actor_13_interact ]
C:/Users/shiny/AppData/Local/Temp/_gbsbuild/obj/actor_14_interact.rel
                                          [ actor_14_interact ]
C:/Users/shiny/AppData/Local/Temp/_gbsbuild/obj/actor_15_interact.rel
                                          [ actor_15_interact ]
C:/Users/shiny/AppData/Local/Temp/_gbsbuild/obj/actor_2_interact.rel
                                          [ actor_2_interact ]
C:/Users/shiny/AppData/Local/Temp/_gbsbuild/obj/actor_3_interact.rel
                                          [ actor_3_interact ]
C:/Users/shiny/AppData/Local/Temp/_gbsbuild/obj/actor_4_interact.rel
                                          [ actor_4_interact ]
C:/Users/shiny/AppData/Local/Temp/_gbsbuild/obj/actor_5_interact.rel
                                          [ actor_5_interact ]
C:/Users/shiny/AppData/Local/Temp/_gbsbuild/obj/actor_6_interact.rel
                                          [ actor_6_interact ]
C:/Users/shiny/AppData/Local/Temp/_gbsbuild/obj/actor_7_interact.rel
                                          [ actor_7_interact ]
C:/Users/shiny/AppData/Local/Temp/_gbsbuild/obj/actor_8_interact.rel
                                          [ actor_8_interact ]
C:/Users/shiny/AppData/Local/Temp/_gbsbuild/obj/actor_9_interact.rel
                                          [ actor_9_interact ]
C:/Users/shiny/AppData/Local/Temp/_gbsbuild/obj/bg_options_screen_tilemap.rel
                                          [ bg_options_screen_tilemap ]
C:/Users/shiny/AppData/Local/Temp/_gbsbuild/obj/bg_options_screen_tileset.rel
                                          [ bg_options_screen_tileset ]
C:/Users/shiny/AppData/Local/Temp/_gbsbuild/obj/bg_options_screen.rel
                                          [ bg_options_screen ]
C:/Users/shiny/AppData/Local/Temp/_gbsbuild/obj/bg_stage_1_tilemap.rel
                                          [ bg_stage_1_tilemap ]
C:/Users/shiny/AppData/Local/Temp/_gbsbuild/obj/bg_stage_1_tileset.rel
                                          [ bg_stage_1_tileset ]
C:/Users/shiny/AppData/Local/Temp/_gbsbuild/obj/bg_stage_1.rel
                                          [ bg_stage_1 ]
C:/Users/shiny/AppData/Local/Temp/_gbsbuild/obj/bg_title_screen_tilemap.rel
                                          [ bg_title_screen_tilemap ]
C:/Users/shiny/AppData/Local/Temp/_gbsbuild/obj/bg_title_screen_tileset.rel
                                          [ bg_title_screen_tileset ]
C:/Users/shiny/AppData/Local/Temp/_gbsbuild/obj/bg_title_screen.rel
                                          [ bg_title_screen ]
C:/Users/shiny/AppData/Local/Temp/_gbsbuild/obj/bg_toadhallpressshield_gbsi_tileset.rel
                                          [ bg_toadhallpressshield_gbsi_tile ]
C:/Users/shiny/AppData/Local/Temp/_gbsbuild/obj/bg_toadhallpressshield_gbsi.rel
                                          [ bg_toadhallpressshield_gbsi ]
C:/Users/shiny/AppData/Local/Temp/_gbsbuild/obj/cursor_image.rel
                                          [ cursor_image ]
C:/Users/shiny/AppData/Local/Temp/_gbsbuild/obj/font_gbs_mono.rel
                                          [ font_gbs_mono ]
C:/Users/shiny/AppData/Local/Temp/_gbsbuild/obj/font_gbs_sans_regular.rel
                                          [ font_gbs_sans_regular ]
C:/Users/shiny/AppData/Local/Temp/_gbsbuild/obj/frame_image.rel
                                          [ frame_image ]
C:/Users/shiny/AppData/Local/Temp/_gbsbuild/obj/game_signature.rel
                                          [ game_signature ]
C:/Users/shiny/AppData/Local/Temp/_gbsbuild/obj/song_bs_free_dr_mario_Data.rel
                                          [ song_bs_free_dr_mario_Data ]
C:/Users/shiny/AppData/Local/Temp/_gbsbuild/obj/song_bs_free_menu_Data.rel
                                          [ song_bs_free_menu_Data ]
C:/Users/shiny/AppData/Local/Temp/_gbsbuild/obj/song_bs_free_sportsintro_Data.rel
                                          [ song_bs_free_sportsintro_Data ]
C:/Users/shiny/AppData/Local/Temp/_gbsbuild/obj/palette_0.rel
                                          [ palette_0 ]
C:/Users/shiny/AppData/Local/Temp/_gbsbuild/obj/palette_1.rel
                                          [ palette_1 ]
C:/Users/shiny/AppData/Local/Temp/_gbsbuild/obj/scene_0_actors.rel
                                          [ scene_0_actors ]
C:/Users/shiny/AppData/Local/Temp/_gbsbuild/obj/scene_0_collisions.rel
                                          [ scene_0_collisions ]
C:/Users/shiny/AppData/Local/Temp/_gbsbuild/obj/scene_0_init.rel
                                          [ scene_0_init ]
C:/Users/shiny/AppData/Local/Temp/_gbsbuild/obj/scene_0_sprites.rel
                                          [ scene_0_sprites ]
C:/Users/shiny/AppData/Local/Temp/_gbsbuild/obj/scene_0.rel
                                          [ scene_0 ]
C:/Users/shiny/AppData/Local/Temp/_gbsbuild/obj/scene_1_actors.rel
                                          [ scene_1_actors ]
C:/Users/shiny/AppData/Local/Temp/_gbsbuild/obj/scene_1_collisions.rel
                                          [ scene_1_collisions ]
C:/Users/shiny/AppData/Local/Temp/_gbsbuild/obj/scene_1_init.rel
                                          [ scene_1_init ]
C:/Users/shiny/AppData/Local/Temp/_gbsbuild/obj/scene_1_sprites.rel
                                          [ scene_1_sprites ]
C:/Users/shiny/AppData/Local/Temp/_gbsbuild/obj/scene_1.rel
                                          [ scene_1 ]
C:/Users/shiny/AppData/Local/Temp/_gbsbuild/obj/scene_2_collisions.rel
                                          [ scene_2_collisions ]
C:/Users/shiny/AppData/Local/Temp/_gbsbuild/obj/scene_2_init.rel
                                          [ scene_2_init ]
C:/Users/shiny/AppData/Local/Temp/_gbsbuild/obj/scene_2.rel
                                          [ scene_2 ]
C:/Users/shiny/AppData/Local/Temp/_gbsbuild/obj/scene_4_collisions.rel
                                          [ scene_4_collisions ]
C:/Users/shiny/AppData/Local/Temp/_gbsbuild/obj/scene_4_init.rel
                                          [ scene_4_init ]
C:/Users/shiny/AppData/Local/Temp/_gbsbuild/obj/scene_4.rel
                                          [ scene_4 ]
C:/Users/shiny/AppData/Local/Temp/_gbsbuild/obj/script_1.rel
                                          [ script_1 ]
C:/Users/shiny/AppData/Local/Temp/_gbsbuild/obj/script_2.rel
                                          [ script_2 ]
C:/Users/shiny/AppData/Local/Temp/_gbsbuild/obj/script_3.rel
                                          [ script_3 ]
C:/Users/shiny/AppData/Local/Temp/_gbsbuild/obj/script_4.rel
                                          [ script_4 ]
C:/Users/shiny/AppData/Local/Temp/_gbsbuild/obj/script_5.rel
                                          [ script_5 ]
C:/Users/shiny/AppData/Local/Temp/_gbsbuild/obj/script_6.rel
                                          [ script_6 ]
C:/Users/shiny/AppData/Local/Temp/_gbsbuild/obj/script_7.rel
                                          [ script_7 ]
C:/Users/shiny/AppData/Local/Temp/_gbsbuild/obj/script_8.rel
                                          [ script_8 ]
C:/Users/shiny/AppData/Local/Temp/_gbsbuild/obj/script_9.rel
                                          [ script_9 ]
C:/Users/shiny/AppData/Local/Temp/_gbsbuild/obj/script_engine_init.rel
                                          [  ]
C:/Users/shiny/AppData/Local/Temp/_gbsbuild/obj/script_input_0.rel
                                          [ script_input_0 ]
C:/Users/shiny/AppData/Local/Temp/_gbsbuild/obj/script_input_1.rel
                                          [ script_input_1 ]
C:/Users/shiny/AppData/Local/Temp/_gbsbuild/obj/script_input_2.rel
                                          [ script_input_2 ]
C:/Users/shiny/AppData/Local/Temp/_gbsbuild/obj/sound_action_sav.rel
                                          [ sound_action_sav ]
C:/Users/shiny/AppData/Local/Temp/_gbsbuild/obj/sound_gbfx_sav.rel
                                          [ sound_gbfx_sav ]
C:/Users/shiny/AppData/Local/Temp/_gbsbuild/obj/sound_gbfx2_sav.rel
                                          [ sound_gbfx2_sav ]
C:/Users/shiny/AppData/Local/Temp/_gbsbuild/obj/sprite_mamee_letters_tileset.rel
                                          [ sprite_mamee_letters_tileset ]
C:/Users/shiny/AppData/Local/Temp/_gbsbuild/obj/sprite_mamee_letters.rel
                                          [ sprite_mamee_letters ]
C:/Users/shiny/AppData/Local/Temp/_gbsbuild/obj/sprite_mamee_packet_item_tileset.rel
                                          [ sprite_mamee_packet_item_tileset ]
C:/Users/shiny/AppData/Local/Temp/_gbsbuild/obj/sprite_mamee_packet_item.rel
                                          [ sprite_mamee_packet_item ]
C:/Users/shiny/AppData/Local/Temp/_gbsbuild/obj/sprite_monster_tileset.rel
                                          [ sprite_monster_tileset ]
C:/Users/shiny/AppData/Local/Temp/_gbsbuild/obj/sprite_monster.rel
                                          [ sprite_monster ]
C:/Users/shiny/AppData/Local/Temp/_gbsbuild/obj/sprite_placeholder_sprite_tileset.rel
                                          [ sprite_placeholder_sprite_tilese ]
C:/Users/shiny/AppData/Local/Temp/_gbsbuild/obj/sprite_placeholder_sprite.rel
                                          [ sprite_placeholder_sprite ]
C:/Users/shiny/AppData/Local/Temp/_gbsbuild/obj/spritesheet_none.rel
                                          [ spritesheet_none ]
C:/Users/shiny/AppData/Local/Temp/_gbsbuild/obj/main.rel
                                          [ main ]
C:/Users/shiny/AppData/Local/Temp/_gbsbuild/obj/adventure.rel
                                          [ adventure ]
C:/Users/shiny/AppData/Local/Temp/_gbsbuild/obj/logo.rel
                                          [ logo ]
C:/Users/shiny/AppData/Local/Temp/_gbsbuild/obj/platform.rel
                                          [ platform ]
C:/Users/shiny/AppData/Local/Temp/_gbsbuild/obj/pointnclick.rel
                                          [ pointnclick ]
C:/Users/shiny/AppData/Local/Temp/_gbsbuild/obj/shmup.rel
                                          [ shmup ]
C:/Users/shiny/AppData/Local/Temp/_gbsbuild/obj/states_ptrs.rel
                                          [  ]
C:/Users/shiny/AppData/Local/Temp/_gbsbuild/obj/topdown.rel
                                          [ topdown ]


Libraries Linked                          [ object file ]

C:\Users\shiny\AppData\Local\Temp/_gbstools/gbdk/lib/small/asxxxx/gb/gb.lib
                                          [ fill_rect_wi.o ]
C:\Users\shiny\AppData\Local\Temp/_gbstools/gbdk/lib/small/asxxxx/gbz80/gbz80.lib
                                          [ rand.o ]
lib/hUGEDriver.lib                        [ hUGEDriver.obj.o ]
C:\Users\shiny\AppData\Local\Temp/_gbstools/gbdk/lib/small/asxxxx/gb/gb.lib
                                          [ sfr.o ]
C:\Users\shiny\AppData\Local\Temp/_gbstools/gbdk/lib/small/asxxxx/gb/gb.lib
                                          [ get_data.o ]
C:\Users\shiny\AppData\Local\Temp/_gbstools/gbdk/lib/small/asxxxx/gb/gb.lib
                                          [ get_tile.o ]
C:\Users\shiny\AppData\Local\Temp/_gbstools/gbdk/lib/small/asxxxx/gb/gb.lib
                                          [ metasprites_hide_spr.o ]
C:\Users\shiny\AppData\Local\Temp/_gbstools/gbdk/lib/small/asxxxx/gbz80/gbz80.lib
                                          [ mul.o ]
C:\Users\shiny\AppData\Local\Temp/_gbstools/gbdk/lib/small/asxxxx/gbz80/gbz80.lib
                                          [ div.o ]
C:\Users\shiny\AppData\Local\Temp/_gbstools/gbdk/lib/small/asxxxx/gbz80/gbz80.lib
                                          [ abs.o ]
C:\Users\shiny\AppData\Local\Temp/_gbstools/gbdk/lib/small/asxxxx/gb/gb.lib
                                          [ set_wi_t.o ]
C:\Users\shiny\AppData\Local\Temp/_gbstools/gbdk/lib/small/asxxxx/gb/gb.lib
                                          [ set_data.o ]
C:\Users\shiny\AppData\Local\Temp/_gbstools/gbdk/lib/small/asxxxx/gbz80/gbz80.lib
                                          [ reverse.o ]
C:\Users\shiny\AppData\Local\Temp/_gbstools/gbdk/lib/small/asxxxx/gb/gb.lib
                                          [ far_ptr.o ]
C:\Users\shiny\AppData\Local\Temp/_gbstools/gbdk/lib/small/asxxxx/gb/gb.lib
                                          [ sgb.o ]
C:\Users\shiny\AppData\Local\Temp/_gbstools/gbdk/lib/small/asxxxx/gb/gb.lib
                                          [ lcd.o ]
C:\Users\shiny\AppData\Local\Temp/_gbstools/gbdk/lib/small/asxxxx/gb/gb.lib
                                          [ fill_rect.o ]
C:\Users\shiny\AppData\Local\Temp/_gbstools/gbdk/lib/small/asxxxx/gb/gb.lib
                                          [ cpy_data.o ]
C:\Users\shiny\AppData\Local\Temp/_gbstools/gbdk/lib/small/asxxxx/gb/gb.lib
                                          [ fill_rect_bk.o ]
C:\Users\shiny\AppData\Local\Temp/_gbstools/gbdk/lib/small/asxxxx/gb/gb.lib
                                          [ pad.o ]
C:\Users\shiny\AppData\Local\Temp/_gbstools/gbdk/lib/small/asxxxx/gb/gb.lib
                                          [ metasprites.o ]
C:\Users\shiny\AppData\Local\Temp/_gbstools/gbdk/lib/small/asxxxx/gbz80/gbz80.lib
                                          [ __sdcc_call_hl.o ]
C:\Users\shiny\AppData\Local\Temp/_gbstools/gbdk/lib/small/asxxxx/gbz80/gbz80.lib
                                          [ _memcpy.o ]
C:\Users\shiny\AppData\Local\Temp/_gbstools/gbdk/lib/small/asxxxx/gbz80/gbz80.lib
                                          [ _memset.o ]
C:\Users\shiny\AppData\Local\Temp/_gbstools/gbdk/lib/small/asxxxx/gb/gb.lib
                                          [ set_xy_t.o ]
C:\Users\shiny\AppData\Local\Temp/_gbstools/gbdk/lib/small/asxxxx/gb/gb.lib
                                          [ set_bk_t.o ]

ASxxxx Linker V03.00 + NoICE + sdld,  page 78.

User Base Address Definitions

_DATA=0xC0A0
_CODE=0x0200
ASxxxx Linker V03.00 + NoICE + sdld,  page 79.

User Global Definitions

.STACK=0xDF00
_shadow_OAM=0xC000
.refresh_OAM=0xFF80
__start_save=12

